import { path } from "toastr";

export let Toastr_theOptions = path;

