
export function update() {
    return [undefined, undefined];
}

update();

